// Jest Snapshot v1, https://goo.gl/fbAQLP

exports[`Catalog component should render Catalog component 1`] = `
<DocumentFragment>
  <div
    class="sc-hKgILt sc-kstrdz iUAErB gCZnHh"
  >
    <div
      class="sc-hBEYos hRhOZN"
    >
      <div
        class="sc-bdfBwQ cSCxSU"
        src="https://fuzzmusic.ru/wp-content/uploads/2020/08/pesni-iz-igry-kiberpank-2077-1.jpg"
      >
        <h3
          class="sc-gsTCUz iNRBaP"
        >
          gaming monitors
        </h3>
        <a
          class="sc-dlfnbm ddFrFr"
          href="#/catalog?categories=gamingMonitors"
        >
          View all gaming monitors
        </a>
      </div>
      <div
        class="sc-fodVxV loJcWr"
      />
    </div>
    <div
      class="sc-hBEYos hRhOZN"
    >
      <div
        class="sc-bdfBwQ ebNgOr"
        src="https://merchandising-assets.bestbuy.ca/bltc8653f66842bff7f/blt3ce6d340560cf08f/5e71863623ff3341c4f5aba8/computing-evergreen-feature-gaming-desktop-orientation-s.jpg?width=2877&quality=80"
      >
        <h3
          class="sc-gsTCUz iNRBaP"
        >
          desktops
        </h3>
        <a
          class="sc-dlfnbm ddFrFr"
          href="#/catalog?categories=desctops"
        >
          View all desktops
        </a>
      </div>
      <div
        class="sc-fodVxV loJcWr"
      />
    </div>
    <div
      class="sc-hBEYos hRhOZN"
    >
      <div
        class="sc-bdfBwQ eFJaIP"
        src="https://www.xmg.gg/wp-content/uploads/XMG_Pro-15_gg_Rotationsbanner_EN_Desktop.jpg"
      >
        <h3
          class="sc-gsTCUz iNRBaP"
        >
          laptops
        </h3>
        <a
          class="sc-dlfnbm ddFrFr"
          href="#/catalog?categories=laptops"
        >
          View all laptops
        </a>
      </div>
      <div
        class="sc-fodVxV loJcWr"
      />
    </div>
    <div
      class="sc-hBEYos hRhOZN"
    >
      <div
        class="sc-bdfBwQ kVUqRb"
        src="https://cdn.pixabay.com/photo/2015/06/24/15/45/hands-820272_1280.jpg"
      >
        <h3
          class="sc-gsTCUz iNRBaP"
        >
          tablets
        </h3>
        <a
          class="sc-dlfnbm ddFrFr"
          href="#/catalog?categories=tablets"
        >
          View all tablets
        </a>
      </div>
      <div
        class="sc-fodVxV loJcWr"
      />
    </div>
  </div>
</DocumentFragment>
`;
